[0m07:00:38.645390 [debug] [MainThread]: Sending event: {'category': 'dbt', 'action': 'invocation', 'label': 'start', 'context': [<snowplow_tracker.self_describing_json.SelfDescribingJson object at 0x7753ee89ebd0>, <snowplow_tracker.self_describing_json.SelfDescribingJson object at 0x7753ebd2f610>, <snowplow_tracker.self_describing_json.SelfDescribingJson object at 0x7753eb9c73d0>]}


============================== 07:00:38.652131 | 4ec7a292-3af6-4194-b74d-8555c308eb23 ==============================
[0m07:00:38.652131 [info ] [MainThread]: Running with dbt=1.11.12
[0m07:00:38.652753 [debug] [MainThread]: running dbt with arguments {'partial_parse': 'True', 'no_print': 'None', 'introspect': 'True', 'use_colors': 'True', 'printer_width': '80', 'use_experimental_parser': 'False', 'profiles_dir': '/root/.dbt', 'target_path': 'None', 'warn_error_options': 'WarnErrorOptionsV2(error=[], warn=[], silence=[])', 'debug': 'False', 'warn_error': 'None', 'send_anonymous_usage_stats': 'True', 'cache_selected_only': 'False', 'fail_fast': 'False', 'log_path': 'logs', 'invocation_command': 'dbt init', 'quiet': 'False', 'empty': 'None', 'log_format': 'default', 'write_json': 'True', 'indirect_selection': 'eager', 'static_parser': 'True', 'log_cache_events': 'False', 'version_check': 'True'}
[0m07:00:38.663446 [info ] [MainThread]: Creating dbt configuration folder at /root/.dbt
[0m07:03:20.205644 [debug] [MainThread]: Starter project path: /usr/local/lib/python3.11/site-packages/dbt/include/starter_project
[0m07:03:20.213038 [info ] [MainThread]: 
Your new dbt project "cbr_marts" was created!

For more information on how to configure the profiles.yml file,
please consult the dbt documentation here:

  https://docs.getdbt.com/docs/configure-your-profile

One more thing:

Need help? Don't hesitate to reach out to us via GitHub issues or on Slack:

  https://community.getdbt.com/

Happy modeling!

[0m07:03:20.213919 [info ] [MainThread]: Setting up your profile.
[0m07:48:04.025691 [info ] [MainThread]: No sample profile found for clickhouse.
[0m07:48:04.028000 [debug] [MainThread]: Resource report: {"command_name": "init", "command_success": true, "command_wall_clock_time": 2845.4458, "process_in_blocks": "40", "process_kernel_time": 0.342266, "process_mem_max_rss": "103960", "process_out_blocks": "136", "process_user_time": 1.420805}
[0m07:48:04.028577 [debug] [MainThread]: Command `dbt init` succeeded at 07:48:04.028446 after 2845.45 seconds
[0m07:48:04.029061 [debug] [MainThread]: Sending event: {'category': 'dbt', 'action': 'invocation', 'label': 'end', 'context': [<snowplow_tracker.self_describing_json.SelfDescribingJson object at 0x7753eb9a2610>, <snowplow_tracker.self_describing_json.SelfDescribingJson object at 0x7753eba22990>, <snowplow_tracker.self_describing_json.SelfDescribingJson object at 0x7753eba08450>]}
[0m07:48:04.029545 [debug] [MainThread]: Flushing usage events
[0m07:48:04.738852 [debug] [MainThread]: An error was encountered while trying to flush usage events
[0m08:10:48.709770 [debug] [MainThread]: Sending event: {'category': 'dbt', 'action': 'invocation', 'label': 'start', 'context': [<snowplow_tracker.self_describing_json.SelfDescribingJson object at 0x759297cffe90>, <snowplow_tracker.self_describing_json.SelfDescribingJson object at 0x759297a9ba90>, <snowplow_tracker.self_describing_json.SelfDescribingJson object at 0x7592979a4310>]}


============================== 08:10:48.717469 | 26850651-81a7-43a2-be56-4c68a2e6180e ==============================
[0m08:10:48.717469 [info ] [MainThread]: Running with dbt=1.11.12
[0m08:10:48.718083 [debug] [MainThread]: running dbt with arguments {'send_anonymous_usage_stats': 'True', 'no_print': 'None', 'introspect': 'True', 'version_check': 'True', 'log_cache_events': 'False', 'cache_selected_only': 'False', 'use_colors': 'True', 'log_path': 'logs', 'invocation_command': 'dbt debug', 'quiet': 'False', 'profiles_dir': '/root/.dbt', 'empty': 'None', 'fail_fast': 'False', 'target_path': 'None', 'indirect_selection': 'eager', 'log_format': 'default', 'write_json': 'True', 'partial_parse': 'True', 'printer_width': '80', 'warn_error': 'None', 'static_parser': 'True', 'use_experimental_parser': 'False', 'debug': 'False', 'warn_error_options': 'WarnErrorOptionsV2(error=[], warn=[], silence=[])'}
[0m08:10:48.730476 [info ] [MainThread]: dbt version: 1.11.12
[0m08:10:48.731046 [info ] [MainThread]: python version: 3.11.15
[0m08:10:48.731485 [info ] [MainThread]: python path: /usr/local/bin/python3.11
[0m08:10:48.731832 [info ] [MainThread]: os info: Linux-6.6.114.1-microsoft-standard-WSL2-x86_64-with-glibc2.41
[0m08:10:48.807744 [info ] [MainThread]: Using profiles dir at /root/.dbt
[0m08:10:48.808314 [info ] [MainThread]: Using profiles.yml file at /root/.dbt/profiles.yml
[0m08:10:48.808768 [info ] [MainThread]: Using dbt_project.yml file at /dbt/dbt_project.yml
[0m08:10:48.809642 [info ] [MainThread]: adapter type: clickhouse
[0m08:10:48.810215 [info ] [MainThread]: adapter version: 1.10.1
[0m08:10:48.810809 [info ] [MainThread]: Configuration:
[0m08:10:48.811345 [info ] [MainThread]:   profiles.yml file [[32mOK found and valid[0m]
[0m08:10:48.811847 [info ] [MainThread]:   dbt_project.yml file [[31mERROR not found[0m]
[0m08:10:48.812362 [info ] [MainThread]: Required dependencies:
[0m08:10:48.812897 [debug] [MainThread]: Executing "git --help"
[0m08:10:48.814591 [info ] [MainThread]:  - git [[31mERROR[0m]

[0m08:10:48.815063 [info ] [MainThread]: Connection:
[0m08:10:48.815417 [info ] [MainThread]:   driver: http
[0m08:10:48.815794 [info ] [MainThread]:   host: clickhouse
[0m08:10:48.816249 [info ] [MainThread]:   port: 8123
[0m08:10:48.816659 [info ] [MainThread]:   user: default
[0m08:10:48.817098 [info ] [MainThread]:   schema: mart
[0m08:10:48.817528 [info ] [MainThread]:   retries: 1
[0m08:10:48.817971 [info ] [MainThread]:   cluster: None
[0m08:10:48.818514 [info ] [MainThread]:   database_engine: None
[0m08:10:48.819034 [info ] [MainThread]:   cluster_mode: False
[0m08:10:48.819560 [info ] [MainThread]:   secure: False
[0m08:10:48.820081 [info ] [MainThread]:   verify: True
[0m08:10:48.820509 [info ] [MainThread]:   client_cert: None
[0m08:10:48.821080 [info ] [MainThread]:   client_cert_key: None
[0m08:10:48.821476 [info ] [MainThread]:   connect_timeout: 10
[0m08:10:48.821946 [info ] [MainThread]:   send_receive_timeout: 300
[0m08:10:48.822321 [info ] [MainThread]:   sync_request_timeout: 5
[0m08:10:48.822739 [info ] [MainThread]:   compress_block_size: 1048576
[0m08:10:48.823230 [info ] [MainThread]:   compression: 
[0m08:10:48.823638 [info ] [MainThread]:   check_exchange: True
[0m08:10:48.824067 [info ] [MainThread]:   custom_settings: None
[0m08:10:48.824423 [info ] [MainThread]:   use_lw_deletes: False
[0m08:10:48.824791 [info ] [MainThread]:   allow_automatic_deduplication: False
[0m08:10:48.825226 [info ] [MainThread]:   tcp_keepalive: False
[0m08:10:48.826022 [info ] [MainThread]: Registered adapter: clickhouse=1.10.1
[0m08:10:48.950594 [debug] [MainThread]: Acquiring new clickhouse connection 'debug'
[0m08:10:48.951066 [debug] [MainThread]: Opening a new connection, currently in state init
[0m08:10:49.050653 [debug] [MainThread]: dbt_clickhouse adapter: On debug: select 1 as id...
[0m08:10:49.053793 [debug] [MainThread]: dbt_clickhouse adapter: SQL status: OK in 0.00 seconds
[0m08:10:49.096482 [info ] [MainThread]:   Connection test: [[32mOK connection ok[0m]

[0m08:10:49.097057 [info ] [MainThread]: [31m2 checks failed:[0m
[0m08:10:49.097494 [info ] [MainThread]: Project loading failed for the following reason:
 project path </dbt/dbt_project.yml> not found

[0m08:10:49.097883 [info ] [MainThread]: Error from git --help: Could not find command, ensure it is in the user's PATH: "git"

[0m08:10:49.099053 [debug] [MainThread]: Resource report: {"command_name": "debug", "command_success": false, "command_wall_clock_time": 0.45597777, "process_in_blocks": "152", "process_kernel_time": 0.439445, "process_mem_max_rss": "114648", "process_out_blocks": "112", "process_user_time": 1.665899}
[0m08:10:49.099514 [debug] [MainThread]: Command `dbt debug` failed at 08:10:49.099411 after 0.46 seconds
[0m08:10:49.099899 [debug] [MainThread]: Connection 'debug' was left open.
[0m08:10:49.100208 [debug] [MainThread]: On debug: Close
[0m08:10:49.100649 [debug] [MainThread]: Sending event: {'category': 'dbt', 'action': 'invocation', 'label': 'end', 'context': [<snowplow_tracker.self_describing_json.SelfDescribingJson object at 0x7592979a4750>, <snowplow_tracker.self_describing_json.SelfDescribingJson object at 0x759297968f50>, <snowplow_tracker.self_describing_json.SelfDescribingJson object at 0x759297ab3010>]}
[0m08:10:49.101042 [debug] [MainThread]: Flushing usage events
[0m08:10:49.799628 [debug] [MainThread]: An error was encountered while trying to flush usage events
[0m08:18:19.359130 [debug] [MainThread]: Sending event: {'category': 'dbt', 'action': 'invocation', 'label': 'start', 'context': [<snowplow_tracker.self_describing_json.SelfDescribingJson object at 0x7505a04cf3d0>, <snowplow_tracker.self_describing_json.SelfDescribingJson object at 0x7505a04c6190>, <snowplow_tracker.self_describing_json.SelfDescribingJson object at 0x7505a05017d0>]}


============================== 08:18:19.366742 | b187741b-95d5-40d5-959d-56e6b27511f2 ==============================
[0m08:18:19.366742 [info ] [MainThread]: Running with dbt=1.11.12
[0m08:18:19.367511 [debug] [MainThread]: running dbt with arguments {'static_parser': 'True', 'log_path': 'logs', 'quiet': 'False', 'version_check': 'True', 'write_json': 'True', 'target_path': 'None', 'partial_parse': 'True', 'warn_error': 'None', 'fail_fast': 'False', 'profiles_dir': '/root/.dbt', 'empty': 'None', 'invocation_command': 'dbt debug', 'indirect_selection': 'eager', 'log_format': 'default', 'log_cache_events': 'False', 'cache_selected_only': 'False', 'debug': 'False', 'send_anonymous_usage_stats': 'True', 'no_print': 'None', 'use_colors': 'True', 'warn_error_options': 'WarnErrorOptionsV2(error=[], warn=[], silence=[])', 'use_experimental_parser': 'False', 'introspect': 'True', 'printer_width': '80'}
[0m08:18:19.380870 [info ] [MainThread]: dbt version: 1.11.12
[0m08:18:19.381553 [info ] [MainThread]: python version: 3.11.15
[0m08:18:19.382556 [info ] [MainThread]: python path: /usr/local/bin/python3.11
[0m08:18:19.383164 [info ] [MainThread]: os info: Linux-6.6.114.1-microsoft-standard-WSL2-x86_64-with-glibc2.41
[0m08:18:19.487103 [info ] [MainThread]: Using profiles dir at /root/.dbt
[0m08:18:19.488250 [info ] [MainThread]: Using profiles.yml file at /root/.dbt/profiles.yml
[0m08:18:19.488951 [info ] [MainThread]: Using dbt_project.yml file at /dbt/dbt_project.yml
[0m08:18:19.490552 [info ] [MainThread]: adapter type: clickhouse
[0m08:18:19.491236 [info ] [MainThread]: adapter version: 1.10.1
[0m08:18:19.491839 [info ] [MainThread]: Configuration:
[0m08:18:19.492376 [info ] [MainThread]:   profiles.yml file [[32mOK found and valid[0m]
[0m08:18:19.492903 [info ] [MainThread]:   dbt_project.yml file [[31mERROR not found[0m]
[0m08:18:19.493392 [info ] [MainThread]: Required dependencies:
[0m08:18:19.493888 [debug] [MainThread]: Executing "git --help"
[0m08:18:19.496500 [info ] [MainThread]:  - git [[31mERROR[0m]

[0m08:18:19.497500 [info ] [MainThread]: Connection:
[0m08:18:19.498730 [info ] [MainThread]:   driver: http
[0m08:18:19.499942 [info ] [MainThread]:   host: clickhouse
[0m08:18:19.500542 [info ] [MainThread]:   port: 8123
[0m08:18:19.500919 [info ] [MainThread]:   user: default
[0m08:18:19.501645 [info ] [MainThread]:   schema: mart
[0m08:18:19.503196 [info ] [MainThread]:   retries: 1
[0m08:18:19.503625 [info ] [MainThread]:   cluster: None
[0m08:18:19.504081 [info ] [MainThread]:   database_engine: None
[0m08:18:19.504619 [info ] [MainThread]:   cluster_mode: False
[0m08:18:19.505227 [info ] [MainThread]:   secure: False
[0m08:18:19.506246 [info ] [MainThread]:   verify: True
[0m08:18:19.506806 [info ] [MainThread]:   client_cert: None
[0m08:18:19.507516 [info ] [MainThread]:   client_cert_key: None
[0m08:18:19.507920 [info ] [MainThread]:   connect_timeout: 10
[0m08:18:19.508579 [info ] [MainThread]:   send_receive_timeout: 300
[0m08:18:19.509095 [info ] [MainThread]:   sync_request_timeout: 5
[0m08:18:19.509465 [info ] [MainThread]:   compress_block_size: 1048576
[0m08:18:19.509874 [info ] [MainThread]:   compression: 
[0m08:18:19.510402 [info ] [MainThread]:   check_exchange: True
[0m08:18:19.510913 [info ] [MainThread]:   custom_settings: None
[0m08:18:19.511396 [info ] [MainThread]:   use_lw_deletes: False
[0m08:18:19.511902 [info ] [MainThread]:   allow_automatic_deduplication: False
[0m08:18:19.512439 [info ] [MainThread]:   tcp_keepalive: False
[0m08:18:19.513177 [info ] [MainThread]: Registered adapter: clickhouse=1.10.1
[0m08:18:19.708342 [debug] [MainThread]: Acquiring new clickhouse connection 'debug'
[0m08:18:19.709099 [debug] [MainThread]: Opening a new connection, currently in state init
[0m08:18:19.847467 [debug] [MainThread]: dbt_clickhouse adapter: On debug: select 1 as id...
[0m08:18:19.852171 [debug] [MainThread]: dbt_clickhouse adapter: SQL status: OK in 0.00 seconds
[0m08:18:19.908353 [info ] [MainThread]:   Connection test: [[32mOK connection ok[0m]

[0m08:18:19.909302 [info ] [MainThread]: [31m2 checks failed:[0m
[0m08:18:19.910306 [info ] [MainThread]: Project loading failed for the following reason:
 project path </dbt/dbt_project.yml> not found

[0m08:18:19.911130 [info ] [MainThread]: Error from git --help: Could not find command, ensure it is in the user's PATH: "git"

[0m08:18:19.913121 [debug] [MainThread]: Resource report: {"command_name": "debug", "command_success": false, "command_wall_clock_time": 0.6411707, "process_in_blocks": "0", "process_kernel_time": 0.653852, "process_mem_max_rss": "115448", "process_out_blocks": "2256", "process_user_time": 2.463905}
[0m08:18:19.914071 [debug] [MainThread]: Command `dbt debug` failed at 08:18:19.913867 after 0.64 seconds
[0m08:18:19.914800 [debug] [MainThread]: Connection 'debug' was left open.
[0m08:18:19.915329 [debug] [MainThread]: On debug: Close
[0m08:18:19.916061 [debug] [MainThread]: Sending event: {'category': 'dbt', 'action': 'invocation', 'label': 'end', 'context': [<snowplow_tracker.self_describing_json.SelfDescribingJson object at 0x7505a04b85d0>, <snowplow_tracker.self_describing_json.SelfDescribingJson object at 0x7505a04c6490>, <snowplow_tracker.self_describing_json.SelfDescribingJson object at 0x7505a13fc710>]}
[0m08:18:19.916873 [debug] [MainThread]: Flushing usage events
[0m08:18:20.625065 [debug] [MainThread]: An error was encountered while trying to flush usage events
